// Jest Snapshot v1, https://goo.gl/fbAQLP

exports[`renders Landing 1`] = `
<div>
  <div
    class="css-1wxv3d5"
  >
    <div
      class="chakra-stack css-n21gh5"
    >
      <div
        class="chakra-skeleton css-1ylkj6c"
      />
      <div
        class="chakra-skeleton css-1ylkj6c"
      />
      <div
        class="chakra-skeleton css-1ylkj6c"
      />
      <div
        class="chakra-skeleton css-1ylkj6c"
      />
      <div
        class="chakra-skeleton css-1ylkj6c"
      />
      <div
        class="chakra-skeleton css-1ylkj6c"
      />
      <div
        class="chakra-skeleton css-1ylkj6c"
      />
      <div
        class="chakra-skeleton css-1ylkj6c"
      />
    </div>
  </div>
</div>
`;
